// Jest Snapshot v1, https://goo.gl/fbAQLP

exports[`<FormPerson /> renders the formPerson as expected 1`] = `
<form
  onSubmit={[Function]}
>
  <WithStyles(Grid)
    container={true}
    spacing={24}
  >
    <WithStyles(Grid)
      item={true}
      sm={6}
      xs={12}
    >
      <InputForm
        field={
          Object {
            "id": "",
            "label": "",
            "required": false,
            "rules": "",
            "type": "",
          }
        }
        form={Object {}}
        maxLength={50}
        selectOptions={Array []}
      />
    </WithStyles(Grid)>
    <WithStyles(Grid)
      item={true}
      sm={3}
      xs={12}
    >
      <InputForm
        field={
          Object {
            "id": "",
            "label": "",
            "required": false,
            "rules": "",
            "type": "",
          }
        }
        form={Object {}}
        maxLength={50}
        selectOptions={Array []}
      />
    </WithStyles(Grid)>
    <WithStyles(Grid)
      item={true}
      sm={3}
      xs={12}
    >
      <InputForm
        field={
          Object {
            "id": "",
            "label": "",
            "required": false,
            "rules": "",
            "type": "",
          }
        }
        form={Object {}}
        maxLength={50}
        selectOptions={
          Array [
            Object {
              "label": "",
              "value": "",
            },
          ]
        }
      />
    </WithStyles(Grid)>
    <WithStyles(Grid)
      item={true}
      sm={6}
      xs={12}
    >
      <InputForm
        field={
          Object {
            "id": "",
            "label": "",
            "required": false,
            "rules": "",
            "type": "",
          }
        }
        form={Object {}}
        maxLength={50}
        selectOptions={Array []}
      />
    </WithStyles(Grid)>
    <WithStyles(Grid)
      item={true}
      sm={6}
      xs={12}
    >
      <InputForm
        field={
          Object {
            "id": "",
            "label": "",
            "required": false,
            "rules": "",
            "type": "",
          }
        }
        form={Object {}}
        maxLength={50}
        selectOptions={Array []}
      />
    </WithStyles(Grid)>
    <WithStyles(Grid)
      item={true}
      xs={12}
    >
      <WithStyles(Typography)
        gutterBottom={true}
        variant="subheading"
      >
        Items
      </WithStyles(Typography)>
    </WithStyles(Grid)>
    <WithStyles(Grid)
      item={true}
      sm={3}
      xs={12}
    >
      <InputForm
        field={
          Object {
            "id": "",
            "label": "",
            "required": false,
            "rules": "",
            "type": "",
          }
        }
        form={Object {}}
        maxLength={50}
        selectOptions={Array []}
      />
    </WithStyles(Grid)>
    <WithStyles(Grid)
      item={true}
      sm={3}
      xs={12}
    >
      <InputForm
        field={
          Object {
            "id": "",
            "label": "",
            "required": false,
            "rules": "",
            "type": "",
          }
        }
        form={Object {}}
        maxLength={50}
        selectOptions={Array []}
      />
    </WithStyles(Grid)>
    <WithStyles(Grid)
      item={true}
      sm={3}
      xs={12}
    >
      <InputForm
        field={
          Object {
            "id": "",
            "label": "",
            "required": false,
            "rules": "",
            "type": "",
          }
        }
        form={Object {}}
        maxLength={50}
        selectOptions={Array []}
      />
    </WithStyles(Grid)>
    <WithStyles(Grid)
      item={true}
      sm={3}
      xs={12}
    >
      <InputForm
        field={
          Object {
            "id": "",
            "label": "",
            "required": false,
            "rules": "",
            "type": "",
          }
        }
        form={Object {}}
        maxLength={50}
        selectOptions={Array []}
      />
    </WithStyles(Grid)>
  </WithStyles(Grid)>
</form>
`;
